------------------------------------------------------------
Timing Analyzer Summary
------------------------------------------------------------

Type  : Slow 1100mV 85C Model Setup 'KEY[0]'
Slack : -2.674
TNS   : -91.411

Type  : Slow 1100mV 85C Model Hold 'KEY[0]'
Slack : 0.468
TNS   : 0.000

Type  : Slow 1100mV 85C Model Minimum Pulse Width 'KEY[0]'
Slack : -0.643
TNS   : -54.980

Type  : Slow 1100mV 0C Model Setup 'KEY[0]'
Slack : -2.612
TNS   : -92.725

Type  : Slow 1100mV 0C Model Hold 'KEY[0]'
Slack : 0.501
TNS   : 0.000

Type  : Slow 1100mV 0C Model Minimum Pulse Width 'KEY[0]'
Slack : -0.553
TNS   : -50.823

Type  : Fast 1100mV 85C Model Setup 'KEY[0]'
Slack : -0.703
TNS   : -18.662

Type  : Fast 1100mV 85C Model Hold 'KEY[0]'
Slack : 0.183
TNS   : 0.000

Type  : Fast 1100mV 85C Model Minimum Pulse Width 'KEY[0]'
Slack : -0.679
TNS   : -48.125

Type  : Fast 1100mV 0C Model Setup 'KEY[0]'
Slack : -0.565
TNS   : -14.702

Type  : Fast 1100mV 0C Model Hold 'KEY[0]'
Slack : 0.175
TNS   : 0.000

Type  : Fast 1100mV 0C Model Minimum Pulse Width 'KEY[0]'
Slack : -0.680
TNS   : -48.853

------------------------------------------------------------
