------------------------------------------------------------
Timing Analyzer Summary
------------------------------------------------------------

Type  : Slow 1100mV 85C Model Setup 'KEY[0]'
Slack : -4.824
TNS   : -223.587

Type  : Slow 1100mV 85C Model Hold 'KEY[0]'
Slack : 0.458
TNS   : 0.000

Type  : Slow 1100mV 85C Model Minimum Pulse Width 'KEY[0]'
Slack : -0.576
TNS   : -77.331

Type  : Slow 1100mV 0C Model Setup 'KEY[0]'
Slack : -5.065
TNS   : -220.234

Type  : Slow 1100mV 0C Model Hold 'KEY[0]'
Slack : 0.464
TNS   : 0.000

Type  : Slow 1100mV 0C Model Minimum Pulse Width 'KEY[0]'
Slack : -0.538
TNS   : -71.576

Type  : Fast 1100mV 85C Model Setup 'KEY[0]'
Slack : -1.685
TNS   : -70.901

Type  : Fast 1100mV 85C Model Hold 'KEY[0]'
Slack : 0.183
TNS   : 0.000

Type  : Fast 1100mV 85C Model Minimum Pulse Width 'KEY[0]'
Slack : -0.625
TNS   : -63.725

Type  : Fast 1100mV 0C Model Setup 'KEY[0]'
Slack : -1.539
TNS   : -58.836

Type  : Fast 1100mV 0C Model Hold 'KEY[0]'
Slack : 0.174
TNS   : 0.000

Type  : Fast 1100mV 0C Model Minimum Pulse Width 'KEY[0]'
Slack : -0.635
TNS   : -65.781

------------------------------------------------------------
