Design Assistant report for Aula7
Mon Apr 24 21:40:42 2023
Quartus Prime Version 20.1.0 Build 711 06/05/2020 SJ Lite Edition


---------------------
; Table of Contents ;
---------------------
  1. Legal Notice
  2. Design Assistant Summary
  3. Parallel Compilation
  4. Design Assistant Settings
  5. Critical Violations
  6. High Violations
  7. Medium Violations
  8. Information only Violations
  9. Design Assistant Messages



----------------
; Legal Notice ;
----------------
Copyright (C) 2020  Intel Corporation. All rights reserved.
Your use of Intel Corporation's design tools, logic functions 
and other software and tools, and any partner logic 
functions, and any output files from any of the foregoing 
(including device programming or simulation files), and any 
associated documentation or information are expressly subject 
to the terms and conditions of the Intel Program License 
Subscription Agreement, the Intel Quartus Prime License Agreement,
the Intel FPGA IP License Agreement, or other applicable license
agreement, including, without limitation, that your use is for
the sole purpose of programming logic devices manufactured by
Intel and sold by Intel or its authorized distributors.  Please
refer to the applicable agreement for further details, at
https://fpgasoftware.intel.com/eula.



+-------------------------------------------------------------------------+
; Design Assistant Summary                                                ;
+-----------------------------------+-------------------------------------+
; Design Assistant Status           ; Analyzed - Mon Apr 24 21:40:42 2023 ;
; Revision Name                     ; Aula7                               ;
; Top-level Entity Name             ; Aula7                               ;
; Family                            ; Cyclone V                           ;
; Total Critical Violations         ; 3                                   ;
; - Rule C101                       ; 3                                   ;
; Total High Violations             ; 3                                   ;
; - Rule R101                       ; 3                                   ;
; Total Medium Violations           ; 3                                   ;
; - Rule C103                       ; 3                                   ;
; Total Information only Violations ; 66                                  ;
; - Rule T101                       ; 16                                  ;
; - Rule T102                       ; 50                                  ;
+-----------------------------------+-------------------------------------+


+------------------------------------------+
; Parallel Compilation                     ;
+----------------------------+-------------+
; Processors                 ; Number      ;
+----------------------------+-------------+
; Number detected on machine ; 8           ;
; Maximum allowed            ; 4           ;
;                            ;             ;
; Average used               ; 1.00        ;
; Maximum used               ; 3           ;
;                            ;             ;
; Usage by Processor         ; % Time Used ;
;     Processor 1            ; 100.0%      ;
;     Processor 2            ;   0.0%      ;
;     Processor 3            ;   0.0%      ;
+----------------------------+-------------+


+--------------------------------------------------------------------------------------------------------------------------------------------------------------------------------------------+
; Design Assistant Settings                                                                                                                                                                  ;
+----------------------------------------------------------------------------------------------------------------------------------------------------------------------+----------------+----+
; Option                                                                                                                                                               ; Setting        ; To ;
+----------------------------------------------------------------------------------------------------------------------------------------------------------------------+----------------+----+
; Design Assistant mode                                                                                                                                                ; Post-Synthesis ;    ;
; Threshold value for clock net not mapped to clock spines rule                                                                                                        ; 25             ;    ;
; Minimum number of clock port feed by gated clocks                                                                                                                    ; 30             ;    ;
; Minimum number of node fan-out                                                                                                                                       ; 30             ;    ;
; Maximum number of nodes to report                                                                                                                                    ; 50             ;    ;
; Rule C101: Gated clock should be implemented according to the Intel FPGA standard scheme                                                                             ; On             ;    ;
; Rule C102: Logic cell should not be used to generate an inverted clock signal                                                                                        ; On             ;    ;
; Rule C103: Gated clock does not feed at least a pre-defined number of clock ports to effectively save power                                                          ; On             ;    ;
; Rule C104: Clock signal source should drive only clock input ports                                                                                                   ; On             ;    ;
; Rule C105: Clock signal should be a global signal                                                                                                                    ; On             ;    ;
; Rule C106: Clock signal source should not drive registers triggered by different clock edges                                                                         ; On             ;    ;
; Rule R101: Combinational logic used as a reset signal should be synchronized                                                                                         ; On             ;    ;
; Rule R102: External reset signals should be synchronized using two cascaded registers                                                                                ; On             ;    ;
; Rule R103: External reset signal should be correctly synchronized                                                                                                    ; On             ;    ;
; Rule R104: The reset signal that is generated in one clock domain and used in another clock domain should be correctly synchronized                                  ; On             ;    ;
; Rule R105: The reset signal that is generated in one clock domain and used in another clock domain should be synchronized                                            ; On             ;    ;
; Rule T101: Nodes with more than the specified number of fan-outs                                                                                                     ; On             ;    ;
; Rule T102: Top nodes with the highest number of fan-outs                                                                                                             ; On             ;    ;
; Rule A101: Design should not contain combinational loops                                                                                                             ; On             ;    ;
; Rule A102: Register output should not drive its own control signal directly or through combinational logic                                                           ; On             ;    ;
; Rule A103: Design should not contain delay chains                                                                                                                    ; On             ;    ;
; Rule A104: Design should not contain ripple clock structures                                                                                                         ; On             ;    ;
; Rule A105: Pulses should not be implemented asynchronously                                                                                                           ; On             ;    ;
; Rule A106: Multiple pulses should not be generated in design                                                                                                         ; On             ;    ;
; Rule A107: Design should not contain SR latches                                                                                                                      ; On             ;    ;
; Rule A108: Design should not contain latches                                                                                                                         ; On             ;    ;
; Rule S101: Output enable and input of the same tri-state node should not be driven by same signal source                                                             ; On             ;    ;
; Rule S102: Synchronous port and asynchronous port of the same register should not be driven by the same signal source                                                ; On             ;    ;
; Rule S103: More than one asynchronous port of a register should not be driven by the same signal source                                                              ; On             ;    ;
; Rule S104: Clock port and any other port of a register should not be driven by the same signal source                                                                ; On             ;    ;
; Rule D101: Data bits are not synchronized when transferred between asynchronous clock domains                                                                        ; On             ;    ;
; Rule D102: Multiple data bits that are transferred across asynchronous clock domains are synchronized, but not all bits may be aligned in the receiving clock domain ; On             ;    ;
; Rule D103: Data bits are not correctly synchronized when transferred between asynchronous clock domains                                                              ; On             ;    ;
+----------------------------------------------------------------------------------------------------------------------------------------------------------------------+----------------+----+


+---------------------------------------------------------------------------------------------------------------------------------+
; Critical Violations                                                                                                             ;
+------------------------------------------------------------------------------------------+--------------------------------------+
; Rule name                                                                                ; Name                                 ;
+------------------------------------------------------------------------------------------+--------------------------------------+
; Rule C101: Gated clock should be implemented according to the Intel FPGA standard scheme ; edgeDetector:detectorSub1|saida      ;
;  Gated clock destination node(s) list                                                    ; registradorBooleano:FF_KEY1|DOUT     ;
; Rule C101: Gated clock should be implemented according to the Intel FPGA standard scheme ; edgeDetector:detectorSub2|saida      ;
;  Gated clock destination node(s) list                                                    ; registradorBooleano:FF_RST_FPGA|DOUT ;
; Rule C101: Gated clock should be implemented according to the Intel FPGA standard scheme ; edgeDetector:detectorSub0|saida      ;
;  Gated clock destination node(s) list                                                    ; registradorBooleano:FF_KEY0|DOUT     ;
+------------------------------------------------------------------------------------------+--------------------------------------+


+---------------------------------------------------------------------------------------------------------------------+
; High Violations                                                                                                     ;
+------------------------------------------------------------------------------+--------------------------------------+
; Rule name                                                                    ; Name                                 ;
+------------------------------------------------------------------------------+--------------------------------------+
; Rule R101: Combinational logic used as a reset signal should be synchronized ; limpaKEY1~7                          ;
;  Reset signal destination node(s) list                                       ; registradorBooleano:FF_KEY1|DOUT     ;
; Rule R101: Combinational logic used as a reset signal should be synchronized ; limpaKEY1~6                          ;
;  Reset signal destination node(s) list                                       ; registradorBooleano:FF_RST_FPGA|DOUT ;
; Rule R101: Combinational logic used as a reset signal should be synchronized ; limpaKEY1~5                          ;
;  Reset signal destination node(s) list                                       ; registradorBooleano:FF_KEY0|DOUT     ;
+------------------------------------------------------------------------------+--------------------------------------+


+----------------------------------------------------------------------------------------------------------------------------------------------------+
; Medium Violations                                                                                                                                  ;
+-------------------------------------------------------------------------------------------------------------+--------------------------------------+
; Rule name                                                                                                   ; Name                                 ;
+-------------------------------------------------------------------------------------------------------------+--------------------------------------+
; Rule C103: Gated clock does not feed at least a pre-defined number of clock ports to effectively save power ; edgeDetector:detectorSub1|saida      ;
;  Gated clock destination node(s) list                                                                       ; registradorBooleano:FF_KEY1|DOUT     ;
; Rule C103: Gated clock does not feed at least a pre-defined number of clock ports to effectively save power ; edgeDetector:detectorSub2|saida      ;
;  Gated clock destination node(s) list                                                                       ; registradorBooleano:FF_RST_FPGA|DOUT ;
; Rule C103: Gated clock does not feed at least a pre-defined number of clock ports to effectively save power ; edgeDetector:detectorSub0|saida      ;
;  Gated clock destination node(s) list                                                                       ; registradorBooleano:FF_KEY0|DOUT     ;
+-------------------------------------------------------------------------------------------------------------+--------------------------------------+


+-------------------------------------------------------------------------------------------------------------------------------+
; Information only Violations                                                                                                   ;
+------------------------------------------------------------------+--------------------------------------------------+---------+
; Rule name                                                        ; Name                                             ; Fan-Out ;
+------------------------------------------------------------------+--------------------------------------------------+---------+
; Rule T101: Nodes with more than the specified number of fan-outs ; CPU:CPU|registradorGenerico:REGA|DOUT[0]         ; 75      ;
; Rule T101: Nodes with more than the specified number of fan-outs ; memoriaROM:ROM1|memROM~0                         ; 32      ;
; Rule T101: Nodes with more than the specified number of fan-outs ; memoriaROM:ROM1|memROM~15                        ; 125     ;
; Rule T101: Nodes with more than the specified number of fan-outs ; memoriaROM:ROM1|memROM~18                        ; 126     ;
; Rule T101: Nodes with more than the specified number of fan-outs ; memoriaROM:ROM1|memROM~14                        ; 132     ;
; Rule T101: Nodes with more than the specified number of fan-outs ; memoriaROM:ROM1|memROM~6                         ; 116     ;
; Rule T101: Nodes with more than the specified number of fan-outs ; memoriaROM:ROM1|memROM~3                         ; 126     ;
; Rule T101: Nodes with more than the specified number of fan-outs ; memoriaROM:ROM1|memROM~17                        ; 128     ;
; Rule T101: Nodes with more than the specified number of fan-outs ; memoriaRAM:RAM|process_0~1                       ; 64      ;
; Rule T101: Nodes with more than the specified number of fan-outs ; CPU:CPU|registradorGenerico:REGA|DOUT[1]         ; 73      ;
; Rule T101: Nodes with more than the specified number of fan-outs ; CPU:CPU|registradorGenerico:REGA|DOUT[2]         ; 73      ;
; Rule T101: Nodes with more than the specified number of fan-outs ; CPU:CPU|registradorGenerico:REGA|DOUT[3]         ; 73      ;
; Rule T101: Nodes with more than the specified number of fan-outs ; CPU:CPU|registradorGenerico:REGA|DOUT[4]         ; 67      ;
; Rule T101: Nodes with more than the specified number of fan-outs ; CPU:CPU|registradorGenerico:REGA|DOUT[5]         ; 67      ;
; Rule T101: Nodes with more than the specified number of fan-outs ; CPU:CPU|registradorGenerico:REGA|DOUT[6]         ; 67      ;
; Rule T101: Nodes with more than the specified number of fan-outs ; CPU:CPU|registradorGenerico:REGA|DOUT[7]         ; 67      ;
; Rule T102: Top nodes with the highest number of fan-outs         ; memoriaROM:ROM1|memROM~14                        ; 132     ;
; Rule T102: Top nodes with the highest number of fan-outs         ; memoriaROM:ROM1|memROM~17                        ; 128     ;
; Rule T102: Top nodes with the highest number of fan-outs         ; memoriaROM:ROM1|memROM~18                        ; 126     ;
; Rule T102: Top nodes with the highest number of fan-outs         ; memoriaROM:ROM1|memROM~3                         ; 126     ;
; Rule T102: Top nodes with the highest number of fan-outs         ; memoriaROM:ROM1|memROM~15                        ; 125     ;
; Rule T102: Top nodes with the highest number of fan-outs         ; memoriaROM:ROM1|memROM~6                         ; 116     ;
; Rule T102: Top nodes with the highest number of fan-outs         ; CPU:CPU|registradorGenerico:REGA|DOUT[0]         ; 75      ;
; Rule T102: Top nodes with the highest number of fan-outs         ; CPU:CPU|registradorGenerico:REGA|DOUT[1]         ; 73      ;
; Rule T102: Top nodes with the highest number of fan-outs         ; CPU:CPU|registradorGenerico:REGA|DOUT[3]         ; 73      ;
; Rule T102: Top nodes with the highest number of fan-outs         ; CPU:CPU|registradorGenerico:REGA|DOUT[2]         ; 73      ;
; Rule T102: Top nodes with the highest number of fan-outs         ; CPU:CPU|registradorGenerico:REGA|DOUT[5]         ; 67      ;
; Rule T102: Top nodes with the highest number of fan-outs         ; CPU:CPU|registradorGenerico:REGA|DOUT[4]         ; 67      ;
; Rule T102: Top nodes with the highest number of fan-outs         ; CPU:CPU|registradorGenerico:REGA|DOUT[7]         ; 67      ;
; Rule T102: Top nodes with the highest number of fan-outs         ; CPU:CPU|registradorGenerico:REGA|DOUT[6]         ; 67      ;
; Rule T102: Top nodes with the highest number of fan-outs         ; memoriaRAM:RAM|process_0~1                       ; 64      ;
; Rule T102: Top nodes with the highest number of fan-outs         ; memoriaROM:ROM1|memROM~0                         ; 32      ;
; Rule T102: Top nodes with the highest number of fan-outs         ; CPU:CPU|registradorGenerico:PC|DOUT[1]           ; 28      ;
; Rule T102: Top nodes with the highest number of fan-outs         ; CPU:CPU|registradorGenerico:PC|DOUT[3]           ; 27      ;
; Rule T102: Top nodes with the highest number of fan-outs         ; CPU:CPU|registradorGenerico:PC|DOUT[5]           ; 26      ;
; Rule T102: Top nodes with the highest number of fan-outs         ; CPU:CPU|registradorGenerico:PC|DOUT[2]           ; 24      ;
; Rule T102: Top nodes with the highest number of fan-outs         ; CPU:CPU|registradorGenerico:PC|DOUT[4]           ; 24      ;
; Rule T102: Top nodes with the highest number of fan-outs         ; CPU:CPU|registradorGenerico:PC|DOUT[6]           ; 23      ;
; Rule T102: Top nodes with the highest number of fan-outs         ; CPU:CPU|registradorGenerico:PC|DOUT[0]           ; 20      ;
; Rule T102: Top nodes with the highest number of fan-outs         ; CPU:CPU|decoderInstru:DECODER|saida[4]~1         ; 20      ;
; Rule T102: Top nodes with the highest number of fan-outs         ; memoriaROM:ROM1|memROM~42                        ; 15      ;
; Rule T102: Top nodes with the highest number of fan-outs         ; memoriaROM:ROM1|memROM~45                        ; 15      ;
; Rule T102: Top nodes with the highest number of fan-outs         ; memoriaROM:ROM1|memROM~36                        ; 15      ;
; Rule T102: Top nodes with the highest number of fan-outs         ; CPU:CPU|decoderInstru:DECODER|Equal9~0           ; 11      ;
; Rule T102: Top nodes with the highest number of fan-outs         ; CPU:CPU|decoderInstru:DECODER|Equal10~0          ; 11      ;
; Rule T102: Top nodes with the highest number of fan-outs         ; CPU:CPU|decoderInstru:DECODER|Equal8~0           ; 10      ;
; Rule T102: Top nodes with the highest number of fan-outs         ; CPU:CPU|logicDesvio:logicaDesvio|Sel_Desvio[0]~0 ; 9       ;
; Rule T102: Top nodes with the highest number of fan-outs         ; CPU:CPU|decoderInstru:DECODER|saida[6]~0         ; 9       ;
; Rule T102: Top nodes with the highest number of fan-outs         ; CPU:CPU|muxGenerico4x1:MUX2|Equal2~0             ; 9       ;
; Rule T102: Top nodes with the highest number of fan-outs         ; memoriaROM:ROM1|memROM~39                        ; 9       ;
; Rule T102: Top nodes with the highest number of fan-outs         ; CPU:CPU|decoderInstru:DECODER|saida~6            ; 9       ;
; Rule T102: Top nodes with the highest number of fan-outs         ; memoriaRAM:RAM|ram~780                           ; 8       ;
; Rule T102: Top nodes with the highest number of fan-outs         ; memoriaRAM:RAM|ram~792                           ; 8       ;
; Rule T102: Top nodes with the highest number of fan-outs         ; memoriaRAM:RAM|ram~720                           ; 8       ;
; Rule T102: Top nodes with the highest number of fan-outs         ; memoriaRAM:RAM|ram~698                           ; 8       ;
; Rule T102: Top nodes with the highest number of fan-outs         ; memoriaRAM:RAM|ram~722                           ; 8       ;
; Rule T102: Top nodes with the highest number of fan-outs         ; memoriaRAM:RAM|ram~774                           ; 8       ;
; Rule T102: Top nodes with the highest number of fan-outs         ; memoriaRAM:RAM|ram~724                           ; 8       ;
; Rule T102: Top nodes with the highest number of fan-outs         ; memoriaRAM:RAM|ram~726                           ; 8       ;
; Rule T102: Top nodes with the highest number of fan-outs         ; memoriaRAM:RAM|ram~696                           ; 8       ;
; Rule T102: Top nodes with the highest number of fan-outs         ; memoriaRAM:RAM|ram~718                           ; 8       ;
; Rule T102: Top nodes with the highest number of fan-outs         ; memoriaRAM:RAM|ram~796                           ; 8       ;
; Rule T102: Top nodes with the highest number of fan-outs         ; memoriaRAM:RAM|ram~728                           ; 8       ;
; Rule T102: Top nodes with the highest number of fan-outs         ; memoriaRAM:RAM|ram~798                           ; 8       ;
; Rule T102: Top nodes with the highest number of fan-outs         ; memoriaRAM:RAM|ram~730                           ; 8       ;
; Rule T102: Top nodes with the highest number of fan-outs         ; memoriaRAM:RAM|ram~772                           ; 8       ;
+------------------------------------------------------------------+--------------------------------------------------+---------+


+---------------------------+
; Design Assistant Messages ;
+---------------------------+
Info: *******************************************************************
Info: Running Quartus Prime Design Assistant
    Info: Version 20.1.0 Build 711 06/05/2020 SJ Lite Edition
    Info: Processing started: Mon Apr 24 21:40:41 2023
Info: Command: quartus_drc Aula7 -c Aula7
Info (119006): Selected device 5CEBA4F23C7 for design "Aula7"
Critical Warning (332012): Synopsys Design Constraints File file not found: 'Aula7.sdc'. A Synopsys Design Constraints File is required by the Timing Analyzer to get proper timing constraints. Without it, the Compiler will not properly optimize the design.
Info (332144): No user constrained base clocks found in the design
Info (332143): No user constrained clock uncertainty found in the design. Calling "derive_clock_uncertainty"
Info (332123): Deriving Clock Uncertainty. Please refer to report_sdc in the Timing Analyzer to see clock uncertainties.
Critical Warning (308019): (Critical) Rule C101: Gated clock should be implemented according to the Intel FPGA standard scheme. Found 3 node(s) related to this rule.
    Critical Warning (308012): Node  "edgeDetector:detectorSub1|saida" File: /home/will/SextoSemestre/DesComp-git/Aula7/edgeDetector.vhd Line: 7
    Critical Warning (308012): Node  "edgeDetector:detectorSub2|saida" File: /home/will/SextoSemestre/DesComp-git/Aula7/edgeDetector.vhd Line: 7
    Critical Warning (308012): Node  "edgeDetector:detectorSub0|saida" File: /home/will/SextoSemestre/DesComp-git/Aula7/edgeDetector.vhd Line: 7
Critical Warning (308024): (High) Rule R101: Combinational logic used as a reset signal should be synchronized. Found 3 node(s) related to this rule.
    Critical Warning (308012): Node  "limpaKEY1~7" File: /home/will/SextoSemestre/DesComp-git/Aula7/Aula7.vhd Line: 97
    Critical Warning (308012): Node  "limpaKEY1~6" File: /home/will/SextoSemestre/DesComp-git/Aula7/Aula7.vhd Line: 97
    Critical Warning (308012): Node  "limpaKEY1~5" File: /home/will/SextoSemestre/DesComp-git/Aula7/Aula7.vhd Line: 97
Warning (308017): (Medium) Rule C103: Gated clock does not feed at least a pre-defined number of clock ports to effectively save power. (Value defined:30). Found 3 node(s) related to this rule.
    Warning (308010): Node  "edgeDetector:detectorSub1|saida" File: /home/will/SextoSemestre/DesComp-git/Aula7/edgeDetector.vhd Line: 7
    Warning (308010): Node  "edgeDetector:detectorSub2|saida" File: /home/will/SextoSemestre/DesComp-git/Aula7/edgeDetector.vhd Line: 7
    Warning (308010): Node  "edgeDetector:detectorSub0|saida" File: /home/will/SextoSemestre/DesComp-git/Aula7/edgeDetector.vhd Line: 7
Info (308046): (Information) Rule T101: Nodes with more than the specified number of fan-outs. (Value defined:30). Found 16 node(s) with highest fan-out.
    Info (308011): Node  "CPU:CPU|registradorGenerico:REGA|DOUT[0]" File: /home/will/SextoSemestre/DesComp-git/Aula7/registradorGenerico.vhd Line: 30
    Info (308011): Node  "memoriaROM:ROM1|memROM~0" File: /home/will/SextoSemestre/DesComp-git/Aula7/memoriaROM.vhd Line: 381
    Info (308011): Node  "memoriaROM:ROM1|memROM~15" File: /home/will/SextoSemestre/DesComp-git/Aula7/memoriaROM.vhd Line: 381
    Info (308011): Node  "memoriaROM:ROM1|memROM~18" File: /home/will/SextoSemestre/DesComp-git/Aula7/memoriaROM.vhd Line: 381
    Info (308011): Node  "memoriaROM:ROM1|memROM~14" File: /home/will/SextoSemestre/DesComp-git/Aula7/memoriaROM.vhd Line: 381
    Info (308011): Node  "memoriaROM:ROM1|memROM~6" File: /home/will/SextoSemestre/DesComp-git/Aula7/memoriaROM.vhd Line: 381
    Info (308011): Node  "memoriaROM:ROM1|memROM~3" File: /home/will/SextoSemestre/DesComp-git/Aula7/memoriaROM.vhd Line: 381
    Info (308011): Node  "memoriaROM:ROM1|memROM~17" File: /home/will/SextoSemestre/DesComp-git/Aula7/memoriaROM.vhd Line: 381
    Info (308011): Node  "memoriaRAM:RAM|process_0~1"
    Info (308011): Node  "CPU:CPU|registradorGenerico:REGA|DOUT[1]" File: /home/will/SextoSemestre/DesComp-git/Aula7/registradorGenerico.vhd Line: 30
    Info (308011): Node  "CPU:CPU|registradorGenerico:REGA|DOUT[2]" File: /home/will/SextoSemestre/DesComp-git/Aula7/registradorGenerico.vhd Line: 30
    Info (308011): Node  "CPU:CPU|registradorGenerico:REGA|DOUT[3]" File: /home/will/SextoSemestre/DesComp-git/Aula7/registradorGenerico.vhd Line: 30
    Info (308011): Node  "CPU:CPU|registradorGenerico:REGA|DOUT[4]" File: /home/will/SextoSemestre/DesComp-git/Aula7/registradorGenerico.vhd Line: 30
    Info (308011): Node  "CPU:CPU|registradorGenerico:REGA|DOUT[5]" File: /home/will/SextoSemestre/DesComp-git/Aula7/registradorGenerico.vhd Line: 30
    Info (308011): Node  "CPU:CPU|registradorGenerico:REGA|DOUT[6]" File: /home/will/SextoSemestre/DesComp-git/Aula7/registradorGenerico.vhd Line: 30
    Info (308011): Node  "CPU:CPU|registradorGenerico:REGA|DOUT[7]" File: /home/will/SextoSemestre/DesComp-git/Aula7/registradorGenerico.vhd Line: 30
Info (308044): (Information) Rule T102: Top nodes with the highest number of fan-outs. (Value defined:50). Found 50 node(s) with highest fan-out.
    Info (308011): Node  "memoriaROM:ROM1|memROM~14" File: /home/will/SextoSemestre/DesComp-git/Aula7/memoriaROM.vhd Line: 381
    Info (308011): Node  "memoriaROM:ROM1|memROM~17" File: /home/will/SextoSemestre/DesComp-git/Aula7/memoriaROM.vhd Line: 381
    Info (308011): Node  "memoriaROM:ROM1|memROM~18" File: /home/will/SextoSemestre/DesComp-git/Aula7/memoriaROM.vhd Line: 381
    Info (308011): Node  "memoriaROM:ROM1|memROM~3" File: /home/will/SextoSemestre/DesComp-git/Aula7/memoriaROM.vhd Line: 381
    Info (308011): Node  "memoriaROM:ROM1|memROM~15" File: /home/will/SextoSemestre/DesComp-git/Aula7/memoriaROM.vhd Line: 381
    Info (308011): Node  "memoriaROM:ROM1|memROM~6" File: /home/will/SextoSemestre/DesComp-git/Aula7/memoriaROM.vhd Line: 381
    Info (308011): Node  "CPU:CPU|registradorGenerico:REGA|DOUT[0]" File: /home/will/SextoSemestre/DesComp-git/Aula7/registradorGenerico.vhd Line: 30
    Info (308011): Node  "CPU:CPU|registradorGenerico:REGA|DOUT[1]" File: /home/will/SextoSemestre/DesComp-git/Aula7/registradorGenerico.vhd Line: 30
    Info (308011): Node  "CPU:CPU|registradorGenerico:REGA|DOUT[3]" File: /home/will/SextoSemestre/DesComp-git/Aula7/registradorGenerico.vhd Line: 30
    Info (308011): Node  "CPU:CPU|registradorGenerico:REGA|DOUT[2]" File: /home/will/SextoSemestre/DesComp-git/Aula7/registradorGenerico.vhd Line: 30
    Info (308011): Node  "CPU:CPU|registradorGenerico:REGA|DOUT[5]" File: /home/will/SextoSemestre/DesComp-git/Aula7/registradorGenerico.vhd Line: 30
    Info (308011): Node  "CPU:CPU|registradorGenerico:REGA|DOUT[4]" File: /home/will/SextoSemestre/DesComp-git/Aula7/registradorGenerico.vhd Line: 30
    Info (308011): Node  "CPU:CPU|registradorGenerico:REGA|DOUT[7]" File: /home/will/SextoSemestre/DesComp-git/Aula7/registradorGenerico.vhd Line: 30
    Info (308011): Node  "CPU:CPU|registradorGenerico:REGA|DOUT[6]" File: /home/will/SextoSemestre/DesComp-git/Aula7/registradorGenerico.vhd Line: 30
    Info (308011): Node  "memoriaRAM:RAM|process_0~1"
    Info (308011): Node  "memoriaROM:ROM1|memROM~0" File: /home/will/SextoSemestre/DesComp-git/Aula7/memoriaROM.vhd Line: 381
    Info (308011): Node  "CPU:CPU|registradorGenerico:PC|DOUT[1]" File: /home/will/SextoSemestre/DesComp-git/Aula7/registradorGenerico.vhd Line: 30
    Info (308011): Node  "CPU:CPU|registradorGenerico:PC|DOUT[3]" File: /home/will/SextoSemestre/DesComp-git/Aula7/registradorGenerico.vhd Line: 30
    Info (308011): Node  "CPU:CPU|registradorGenerico:PC|DOUT[5]" File: /home/will/SextoSemestre/DesComp-git/Aula7/registradorGenerico.vhd Line: 30
    Info (308011): Node  "CPU:CPU|registradorGenerico:PC|DOUT[2]" File: /home/will/SextoSemestre/DesComp-git/Aula7/registradorGenerico.vhd Line: 30
    Info (308011): Node  "CPU:CPU|registradorGenerico:PC|DOUT[4]" File: /home/will/SextoSemestre/DesComp-git/Aula7/registradorGenerico.vhd Line: 30
    Info (308011): Node  "CPU:CPU|registradorGenerico:PC|DOUT[6]" File: /home/will/SextoSemestre/DesComp-git/Aula7/registradorGenerico.vhd Line: 30
    Info (308011): Node  "CPU:CPU|registradorGenerico:PC|DOUT[0]" File: /home/will/SextoSemestre/DesComp-git/Aula7/registradorGenerico.vhd Line: 30
    Info (308011): Node  "CPU:CPU|decoderInstru:DECODER|saida[4]~1" File: /home/will/SextoSemestre/DesComp-git/Aula7/decoderInstru.vhd Line: 6
    Info (308011): Node  "memoriaROM:ROM1|memROM~42" File: /home/will/SextoSemestre/DesComp-git/Aula7/memoriaROM.vhd Line: 381
    Info (308011): Node  "memoriaROM:ROM1|memROM~45" File: /home/will/SextoSemestre/DesComp-git/Aula7/memoriaROM.vhd Line: 381
    Info (308011): Node  "memoriaROM:ROM1|memROM~36" File: /home/will/SextoSemestre/DesComp-git/Aula7/memoriaROM.vhd Line: 381
    Info (308011): Node  "CPU:CPU|decoderInstru:DECODER|Equal9~0" File: /home/will/SextoSemestre/DesComp-git/Aula7/decoderInstru.vhd Line: 26
    Info (308011): Node  "CPU:CPU|decoderInstru:DECODER|Equal10~0" File: /home/will/SextoSemestre/DesComp-git/Aula7/decoderInstru.vhd Line: 25
    Info (308011): Node  "CPU:CPU|decoderInstru:DECODER|Equal8~0" File: /home/will/SextoSemestre/DesComp-git/Aula7/decoderInstru.vhd Line: 27
    Info (308002): Truncated list of Design Assistant messages to 30 messages. Go to sections under Design Assistant section of Compilation Report for complete lists of Design Assistant messages generated.
Info (308006): Design Assistant information: finished post-synthesis analysis of current design -- generated 66 information messages and 9 warning messages
Info: Quartus Prime Design Assistant was successful. 0 errors, 13 warnings
    Info: Peak virtual memory: 836 megabytes
    Info: Processing ended: Mon Apr 24 21:40:42 2023
    Info: Elapsed time: 00:00:01
    Info: Total CPU time (on all processors): 00:00:01


